<details><summary>参考代码</summary><pre><code class="language-cpp">#include &#x3C;algorithm>
#include &#x3C;cmath>
#include &#x3C;cstdio>
#include &#x3C;cstdlib>
#include &#x3C;cstring>
#include &#x3C;iostream>
using namespace std;

inline int read() {
  int X = 0, w = 1;
</code></pre></details>
