<details class="note"><summary>"代码实现"</summary><pre><code class="language-cpp">int ok = 0;
for (int state = 0; state &#x3C; 1 &#x3C;&#x3C; n; ++state) {  // 枚举每行是否被选
  for (int i = 1; i &#x3C;= n; ++i)
    if ((1 &#x3C;&#x3C; i - 1) &#x26; state)
      for (int j = 1; j &#x3C;= m; ++j) a[i][j] = 1;
  int flag = 1;
  for (int j = 1; j &#x3C;= m; ++j)
    for (int i = 1, bo = 0; i &#x3C;= n; ++i)
      if (a[i][j]) {
        if (bo)
          flag = 0;
        else
          bo = 1;
      }
  if (!flag)
    continue;
  else {
    ok = 1;
    for (int i = 1; i &#x3C;= n; ++i)
      if ((1 &#x3C;&#x3C; i - 1) &#x26; state) printf("%d ", i);
    puts("");
  }
  memset(a, 0, sizeof(a));
}
if (!ok) puts("No solution.");
</code></pre></details>
