<details class="note"><summary>"解题思路"</summary><p>先考虑决策是什么。</p><p>在这一题中，每一个决策可以用形如 $(r, c, w)$ 的有序三元组表示。</p><p>注意到“宫”并不是决策的参数，因为它 <strong>可以被每个确定的 $(r, c)$ 表示</strong>。</p><p>因此有 $9 \times 9 \times 9 = 729$ 行。</p><p>再考虑状态是什么。</p><p>我们思考一下 $(r, c, w)$ 这个决将会造成什么影响。记 $(r, c)$ 所在的宫为 $b$。</p><ol>
<li>
<p>第 $r$ 行用了一个 $w$（用 $9 \times 9 = 81$ 列表示）；</p>
</li>
<li>
<p>第 $c$ 列用了一个 $w$（用 $9 \times 9 = 81$ 列表示）；</p>
</li>
<li>
<p>第 $b$ 宫用了一个 $w$（用 $9 \times 9 = 81$ 列表示）；</p>
</li>
<li>
<p>$(r, c)$ 中填入了一个数（用 $9 \times 9 = 81$ 列表示）。</p>
</li>
</ol><p>因此有 $81 \times 4 = 324$ 列，共 $729 \times 4 = 2916$ 个 $1$。</p><p>至此，我们成功地将 $9 \times 9$ 的数独问题转化成了一个 <strong>有 $729$ 行，$324$ 列，共 $2916$ 个 $1$</strong> 的精确覆盖问题。</p></details>
